// Jest Snapshot v1, https://goo.gl/fbAQLP

exports[`Dropdown correctly mounts Profile, DropdownCourses, and DropdownCreateCourses components when a user is logged in 1`] = `
<span
  aria-haspopup="true"
  className="bp4-popover2-target"
  onClick={[Function]}
  onKeyDown={[Function]}
>
  <button
    className="bp4-button bp4-minimal"
    disabled={false}
    onBlur={[Function]}
    onKeyDown={[Function]}
    onKeyUp={[Function]}
  >
    <span
      aria-hidden={true}
      className="bp4-icon bp4-icon-caret-down"
      icon="caret-down"
    >
      <svg
        data-icon="caret-down"
        height={16}
        role="img"
        viewBox="0 0 16 16"
        width={16}
      >
        <path
          d="M12 6.5c0-.28-.22-.5-.5-.5h-7a.495.495 0 00-.37.83l3.5 4c.09.1.22.17.37.17s.28-.07.37-.17l3.5-4c.08-.09.13-.2.13-.33z"
          fillRule="evenodd"
        />
      </svg>
    </span>
  </button>
</span>
`;

exports[`Dropdown does not mount Profile, DropdownCourses and DropdownCreateCourses components when a user is not logged in 1`] = `
<span
  aria-haspopup="true"
  className="bp4-popover2-target"
  onClick={[Function]}
  onKeyDown={[Function]}
>
  <button
    className="bp4-button bp4-minimal"
    disabled={false}
    onBlur={[Function]}
    onKeyDown={[Function]}
    onKeyUp={[Function]}
  >
    <span
      aria-hidden={true}
      className="bp4-icon bp4-icon-caret-down"
      icon="caret-down"
    >
      <svg
        data-icon="caret-down"
        height={16}
        role="img"
        viewBox="0 0 16 16"
        width={16}
      >
        <path
          d="M12 6.5c0-.28-.22-.5-.5-.5h-7a.495.495 0 00-.37.83l3.5 4c.09.1.22.17.37.17s.28-.07.37-.17l3.5-4c.08-.09.13-.2.13-.33z"
          fillRule="evenodd"
        />
      </svg>
    </span>
  </button>
</span>
`;
