// Jest Snapshot v1, https://goo.gl/fbAQLP

exports[`Sicp renders correctly 1`] = `
"<ContextProvider value={{...}}>
  <Sicp history={{...}} location={{...}} match={{...}} />
</ContextProvider>"
`;
