// Jest Snapshot v1, https://goo.gl/fbAQLP

exports[`ContentDisplay page renders correctly 1`] = `
"<ContentDisplay display={{...}} loadContentDispatch={[Function: loadContentDispatch]}>
  <div className=\\"ContentDisplay row center-xs\\">
    <div className=\\"col-md-10 col-xs-11 contentdisplay-content-parent\\">
      <Blueprint4.Card className=\\"contentdisplay-content\\" elevation={3} interactive={false}>
        <div className=\\"bp4-card bp4-elevation-3 contentdisplay-content\\">
          <div>
             Test Content 
          </div>
        </div>
      </Blueprint4.Card>
    </div>
  </div>
</ContentDisplay>"
`;
