// Jest Snapshot v1, https://goo.gl/fbAQLP

exports[`Markdown page renders correctly 1`] = `
"<Memo(Markdown) content=\\"\\\\nWelcome to the Source Academy playground!\\\\n\\\\nThe book [_Structure and Interpretation of Computer Programs, JavaScript Edition_](https://sourceacademy.org/sicpjs/)\\\\nuses JavaScript sublanguages that we call [_Source_](https://docs.sourceacademy.org/). You have chosen the sublanguage [_Source ยง1_](https://docs.sourceacademy.org/source_1/).\\\\n\\\\nIn the editor on the left, you can use the [_Ace keyboard shortcuts_](https://github.com/ajaxorg/ace/wiki/Default-Keyboard-Shortcuts) \\\\nand also the [_Source Academy keyboard shortcuts_](https://github.com/source-academy/frontend/wiki/Source-Academy-Keyboard-Shortcuts).\\\\n\\\\n\\" openLinksInNewWindow={true}>
  <div className=\\"md bp4-running-text\\" dangerouslySetInnerHTML={{...}} />
</Memo(Markdown)>"
`;
