// Jest Snapshot v1, https://goo.gl/fbAQLP

exports[`ApplicationWrapper Application shows disabled when in disabled period 1`] = `
"<Provider store={{...}}>
  <ApplicationWrapper>
    <RouterProvider router={{...}}>
      <Router basename=\\"/\\" location={{...}} navigationType=\\"POP\\" navigator={{...}}>
        <DataRoutes routes={{...}} state={{...}}>
          <RenderErrorBoundary location={{...}} revalidation=\\"idle\\" component={{...}} error={[undefined]} routeContext={{...}}>
            <RenderedRoute match={{...}} routeContext={{...}}>
              <Application>
                <div className=\\"Application\\">
                  <NavigationBar>
                    <Blueprint4.Navbar className=\\"NavigationBar primary-navbar bp4-dark\\">
                      <div className=\\"bp4-navbar NavigationBar primary-navbar bp4-dark\\">
                        <Blueprint4.NavbarGroup align=\\"left\\">
                          <div className=\\"bp4-navbar-group bp4-align-left\\">
                            <NavLink to=\\"/playground\\" className={[Function: className]}>
                              <Link aria-current={[undefined]} className=\\"NavigationBar__link__mobile bp4-button bp4-minimal\\" style={[undefined]} to=\\"/playground\\">
                                <a aria-current={[undefined]} className=\\"NavigationBar__link__mobile bp4-button bp4-minimal\\" style={[undefined]} href=\\"/playground\\" onClick={[Function: handleClick]} target={[undefined]}>
                                  <Blueprint4.Icon icon=\\"code\\">
                                    <span aria-hidden={true} icon=\\"code\\" className=\\"bp4-icon bp4-icon-code\\" title={[undefined]}>
                                      <svg fill={[undefined]} data-icon=\\"code\\" width={16} height={16} viewBox=\\"0 0 16 16\\" aria-labelledby={[undefined]} role=\\"img\\">
                                        <path d=\\"M15.71 7.29l-3-3a1.003 1.003 0 00-1.42 1.42L13.59 8l-2.29 2.29c-.19.18-.3.43-.3.71a1.003 1.003 0 001.71.71l3-3c.18-.18.29-.43.29-.71 0-.28-.11-.53-.29-.71zM5 5a1.003 1.003 0 00-1.71-.71l-3 3C.11 7.47 0 7.72 0 8c0 .28.11.53.29.71l3 3a1.003 1.003 0 001.42-1.42L2.41 8 4.7 5.71c.19-.18.3-.43.3-.71zm4-3c-.48 0-.87.35-.96.81l-2 10c-.01.06-.04.12-.04.19 0 .55.45 1 1 1 .48 0 .87-.35.96-.81l2-10c.01-.06.04-.12.04-.19 0-.55-.45-1-1-1z\\" fillRule=\\"evenodd\\" />
                                      </svg>
                                    </span>
                                  </Blueprint4.Icon>
                                  <div>
                                    Playground
                                  </div>
                                </a>
                              </Link>
                            </NavLink>
                            <NavLink to=\\"/githubassessments\\" className={[Function: className]}>
                              <Link aria-current={[undefined]} className=\\"NavigationBar__link__mobile bp4-button bp4-minimal\\" style={[undefined]} to=\\"/githubassessments\\">
                                <a aria-current={[undefined]} className=\\"NavigationBar__link__mobile bp4-button bp4-minimal\\" style={[undefined]} href=\\"/githubassessments\\" onClick={[Function: handleClick]} target={[undefined]}>
                                  <Blueprint4.Icon icon=\\"briefcase\\">
                                    <span aria-hidden={true} icon=\\"briefcase\\" className=\\"bp4-icon bp4-icon-briefcase\\" title={[undefined]}>
                                      <svg fill={[undefined]} data-icon=\\"briefcase\\" width={16} height={16} viewBox=\\"0 0 16 16\\" aria-labelledby={[undefined]} role=\\"img\\">
                                        <path d=\\"M15 3.98h-3v-2c0-.55-.45-1-1-1H5c-.55 0-1 .45-1 1v2H1c-.55 0-1 .45-1 1v4h3v-1h2v1h6v-1h2v1h3v-4c0-.55-.45-1-1-1zm-5 0H6v-1h4v1zm3 7h-2v-1H5v1H3v-1H0v4c0 .55.45 1 1 1h14c.55 0 1-.45 1-1v-4h-3v1z\\" fillRule=\\"evenodd\\" />
                                      </svg>
                                    </span>
                                  </Blueprint4.Icon>
                                  <div>
                                    Classroom
                                  </div>
                                </a>
                              </Link>
                            </NavLink>
                            <NavLink to=\\"/sicpjs/\\" className={[Function: className]}>
                              <Link aria-current={[undefined]} className=\\"NavigationBar__link__mobile bp4-button bp4-minimal\\" style={[undefined]} to=\\"/sicpjs/\\">
                                <a aria-current={[undefined]} className=\\"NavigationBar__link__mobile bp4-button bp4-minimal\\" style={[undefined]} href=\\"/sicpjs/\\" onClick={[Function: handleClick]} target={[undefined]}>
                                  <Blueprint4.Icon icon=\\"book\\">
                                    <span aria-hidden={true} icon=\\"book\\" className=\\"bp4-icon bp4-icon-book\\" title={[undefined]}>
                                      <svg fill={[undefined]} data-icon=\\"book\\" width={16} height={16} viewBox=\\"0 0 16 16\\" aria-labelledby={[undefined]} role=\\"img\\">
                                        <path d=\\"M2 1v14c0 .55.45 1 1 1h1V0H3c-.55 0-1 .45-1 1zm11-1h-1v7l-2-2-2 2V0H5v16h8c.55 0 1-.45 1-1V1c0-.55-.45-1-1-1z\\" fillRule=\\"evenodd\\" />
                                      </svg>
                                    </span>
                                  </Blueprint4.Icon>
                                  <div>
                                    SICP JS
                                  </div>
                                </a>
                              </Link>
                            </NavLink>
                          </div>
                        </Blueprint4.NavbarGroup>
                        <Blueprint4.NavbarGroup align=\\"right\\">
                          <div className=\\"bp4-navbar-group bp4-align-right\\">
                            <NavLink className={[Function: className]} to=\\"/contributors\\">
                              <Link aria-current={[undefined]} className=\\"NavigationBar__link bp4-button bp4-minimal\\" style={[undefined]} to=\\"/contributors\\">
                                <a aria-current={[undefined]} className=\\"NavigationBar__link bp4-button bp4-minimal\\" style={[undefined]} href=\\"/contributors\\" onClick={[Function: handleClick]} target={[undefined]}>
                                  <Blueprint4.Icon icon=\\"heart\\">
                                    <span aria-hidden={true} icon=\\"heart\\" className=\\"bp4-icon bp4-icon-heart\\" title={[undefined]}>
                                      <svg fill={[undefined]} data-icon=\\"heart\\" width={16} height={16} viewBox=\\"0 0 16 16\\" aria-labelledby={[undefined]} role=\\"img\\">
                                        <path d=\\"M16 5.095c0-2.255-1.88-4.083-4.2-4.083-1.682 0-3.13.964-3.8 2.352a4.206 4.206 0 00-3.8-2.352C1.88 1.012 0 2.84 0 5.095c0 .066.007.13.01.194H.004c.001.047.01.096.014.143l.013.142c.07.8.321 1.663.824 2.573C2.073 10.354 4.232 12.018 8 15c3.767-2.982 5.926-4.647 7.144-6.854.501-.905.752-1.766.823-2.562.007-.055.012-.11.016-.164.003-.043.012-.088.013-.13h-.006c.003-.066.01-.13.01-.195z\\" fillRule=\\"evenodd\\" />
                                      </svg>
                                    </span>
                                  </Blueprint4.Icon>
                                </a>
                              </Link>
                            </NavLink>
                            <div className=\\"visible-xs\\">
                              <Blueprint4.NavbarDivider className=\\"thin-divider\\">
                                <div className=\\"bp4-navbar-divider thin-divider\\" />
                              </Blueprint4.NavbarDivider>
                            </div>
                            <div className=\\"hidden-xs\\">
                              <Blueprint4.NavbarDivider className=\\"default-divider\\">
                                <div className=\\"bp4-navbar-divider default-divider\\" />
                              </Blueprint4.NavbarDivider>
                            </div>
                            <Dropdown>
                              <Blueprint4.Popover2 content={{...}} inheritDarkTheme={false} placement=\\"bottom\\" boundary=\\"clippingParents\\" captureDismiss={false} defaultIsOpen={false} disabled={false} fill={false} hasBackdrop={false} hoverCloseDelay={300} hoverOpenDelay={150} interactionKind=\\"click\\" matchTargetWidth={false} minimal={false} openOnTargetFocus={true} positioningStrategy=\\"absolute\\" renderTarget={[undefined]} shouldReturnFocusOnClose={false} targetTagName=\\"span\\" transitionDuration={300} usePortal={true}>
                                <Manager>
                                  <Reference>
                                    <Blueprint4.ResizeSensor2 targetRef={[Function (anonymous)]} onResize={[Function (anonymous)]}>
                                      <span aria-haspopup=\\"true\\" className=\\"bp4-popover2-target\\" onClick={[Function (anonymous)]} onKeyDown={[Function: onKeyDown]}>
                                        <ControlButton icon=\\"caret-down\\" className=\\"\\" disabled={[undefined]} tabIndex={[undefined]}>
                                          <Blueprint4.Button disabled={false} fill={false} intent=\\"none\\" minimal={true} className=\\"\\" type={[undefined]} onClick={[undefined]} icon={{...}} rightIcon={false}>
                                            <button type={[undefined]} disabled={false} className=\\"bp4-button bp4-minimal\\" onClick={[undefined]} onBlur={[Function (anonymous)]} onFocus={[undefined]} onKeyDown={[Function (anonymous)]} onKeyUp={[Function (anonymous)]} tabIndex={[undefined]}>
                                              <Blueprint4.Icon icon={{...}}>
                                                <Blueprint4.Icon icon=\\"caret-down\\" color={[undefined]}>
                                                  <span aria-hidden={true} icon=\\"caret-down\\" className=\\"bp4-icon bp4-icon-caret-down\\" title={[undefined]}>
                                                    <svg fill={[undefined]} data-icon=\\"caret-down\\" width={16} height={16} viewBox=\\"0 0 16 16\\" aria-labelledby={[undefined]} role=\\"img\\">
                                                      <path d=\\"M12 6.5c0-.28-.22-.5-.5-.5h-7a.495.495 0 00-.37.83l3.5 4c.09.1.22.17.37.17s.28-.07.37-.17l3.5-4c.08-.09.13-.2.13-.33z\\" fillRule=\\"evenodd\\" />
                                                    </svg>
                                                  </span>
                                                </Blueprint4.Icon>
                                              </Blueprint4.Icon>
                                              <Blueprint4.Icon icon={false} />
                                            </button>
                                          </Blueprint4.Button>
                                        </ControlButton>
                                      </span>
                                    </Blueprint4.ResizeSensor2>
                                  </Reference>
                                  <Popper innerRef={[Function (anonymous)]} placement=\\"bottom\\" strategy=\\"absolute\\" modifiers={{...}}>
                                    <Blueprint4.Overlay autoFocus={true} backdropClassName=\\"bp4-popover2-backdrop\\" backdropProps={{...}} canEscapeKeyClose={true} canOutsideClickClose={true} enforceFocus={true} hasBackdrop={false} isOpen={false} onClose={[Function (anonymous)]} onClosed={[undefined]} onClosing={[undefined]} onOpened={[undefined]} onOpening={[undefined]} transitionDuration={300} transitionName=\\"bp4-popover2\\" usePortal={true} portalClassName={[undefined]} portalContainer={[undefined]} shouldReturnFocusOnClose={false} lazy={true} />
                                  </Popper>
                                </Manager>
                              </Blueprint4.Popover2>
                              <DropdownSettings isOpen={false} onClose={[Function: toggleSettingsOpen]}>
                                <Blueprint4.Dialog className=\\"settings\\" icon=\\"cog\\" isCloseButtonShown={true} isOpen={false} onClose={[Function: toggleSettingsOpen]} title=\\"Settings\\" canOutsideClickClose={true}>
                                  <Blueprint4.Overlay className=\\"bp4-overlay-scroll-container\\" icon=\\"cog\\" isCloseButtonShown={true} isOpen={false} onClose={[Function: toggleSettingsOpen]} title=\\"Settings\\" canOutsideClickClose={true} hasBackdrop={true} autoFocus={true} backdropProps={{...}} canEscapeKeyClose={true} enforceFocus={true} lazy={true} shouldReturnFocusOnClose={true} transitionDuration={300} transitionName=\\"bp4-overlay\\" usePortal={true} />
                                </Blueprint4.Dialog>
                              </DropdownSettings>
                              <DropdownAbout isOpen={false} onClose={[Function: toggleAboutOpen]}>
                                <Blueprint4.Dialog className=\\"about\\" icon=\\"help\\" isCloseButtonShown={true} isOpen={false} onClose={[Function: toggleAboutOpen]} title=\\"About\\" canOutsideClickClose={true}>
                                  <Blueprint4.Overlay className=\\"bp4-overlay-scroll-container\\" icon=\\"help\\" isCloseButtonShown={true} isOpen={false} onClose={[Function: toggleAboutOpen]} title=\\"About\\" canOutsideClickClose={true} hasBackdrop={true} autoFocus={true} backdropProps={{...}} canEscapeKeyClose={true} enforceFocus={true} lazy={true} shouldReturnFocusOnClose={true} transitionDuration={300} transitionName=\\"bp4-overlay\\" usePortal={true} />
                                </Blueprint4.Dialog>
                              </DropdownAbout>
                              <DropdownHelp isOpen={false} onClose={[Function: toggleHelpOpen]}>
                                <Blueprint4.Dialog className=\\"help\\" icon=\\"error\\" isCloseButtonShown={true} isOpen={false} onClose={[Function: toggleHelpOpen]} title=\\"Help\\" canOutsideClickClose={true}>
                                  <Blueprint4.Overlay className=\\"bp4-overlay-scroll-container\\" icon=\\"error\\" isCloseButtonShown={true} isOpen={false} onClose={[Function: toggleHelpOpen]} title=\\"Help\\" canOutsideClickClose={true} hasBackdrop={true} autoFocus={true} backdropProps={{...}} canEscapeKeyClose={true} enforceFocus={true} lazy={true} shouldReturnFocusOnClose={true} transitionDuration={300} transitionName=\\"bp4-overlay\\" usePortal={true} />
                                </Blueprint4.Dialog>
                              </DropdownHelp>
                            </Dropdown>
                          </div>
                        </Blueprint4.NavbarGroup>
                      </div>
                    </Blueprint4.Navbar>
                    <Routes>
                      <RenderedRoute match={{...}} routeContext={{...}} />
                    </Routes>
                  </NavigationBar>
                  <div className=\\"Application__main\\">
                    <Outlet>
                      <RenderedRoute match={{...}} routeContext={{...}}>
                        <Disabled reason=\\"Testing\\">
                          <div className=\\"NoPage bp4-dark\\">
                            <Blueprint4.NonIdealState icon=\\"error\\" title=\\"Disabled\\" description=\\"The Source Academy has been disabled for this reason: Testing.\\" iconSize={48} layout=\\"vertical\\">
                              <div className=\\"bp4-non-ideal-state bp4-non-ideal-state-vertical\\">
                                <div className=\\"bp4-non-ideal-state-visual\\" style={{...}}>
                                  <Blueprint4.Icon icon=\\"error\\" size={48} aria-hidden={true} tabIndex={-1}>
                                    <span aria-hidden={true} icon=\\"error\\" tabIndex={-1} className=\\"bp4-icon bp4-icon-error\\" title={[undefined]}>
                                      <svg fill={[undefined]} data-icon=\\"error\\" width={48} height={48} viewBox=\\"0 0 20 20\\" aria-labelledby={[undefined]} role=\\"img\\">
                                        <path d=\\"M10 0C4.48 0 0 4.48 0 10s4.48 10 10 10 10-4.48 10-10S15.52 0 10 0zm1 16H9v-2h2v2zm0-3H9V4h2v9z\\" fillRule=\\"evenodd\\" />
                                      </svg>
                                    </span>
                                  </Blueprint4.Icon>
                                </div>
                                <div className=\\"bp4-non-ideal-state-text\\">
                                  <Component>
                                    <h4 className=\\"bp4-heading\\">
                                      Disabled
                                    </h4>
                                  </Component>
                                  <div>
                                    The Source Academy has been disabled for this reason: Testing.
                                  </div>
                                </div>
                              </div>
                            </Blueprint4.NonIdealState>
                          </div>
                        </Disabled>
                      </RenderedRoute>
                    </Outlet>
                  </div>
                </div>
              </Application>
            </RenderedRoute>
          </RenderErrorBoundary>
        </DataRoutes>
      </Router>
    </RouterProvider>
  </ApplicationWrapper>
</Provider>"
`;
