// Jest Snapshot v1, https://goo.gl/fbAQLP

exports[`initial state should match a snapshot 1`] = `
Object {
  "environment": "test",
}
`;
