// Jest Snapshot v1, https://goo.gl/fbAQLP

exports[`Sicp latex renders correctly block 1`] = `
<Latex$1>
  1+1
</Latex$1>
`;

exports[`Sicp latex renders correctly inline 1`] = `
<Latex$1>
  1+1
</Latex$1>
`;
