// Vitest Snapshot v1, https://vitest.dev/guide/snapshot.html

exports[`Sicp toc renders correctly 1`] = `
<div
  className="sicp-toc"
>
  <div
    className="sicp-content"
  >
    <div
      className="bp5-non-ideal-state bp5-non-ideal-state-vertical"
    >
      <div
        className="bp5-non-ideal-state-visual"
        style={
          {
            "fontSize": "48px",
            "lineHeight": "48px",
          }
        }
      >
        <div
          aria-label="loading"
          aria-valuemax={100}
          aria-valuemin={0}
          className="bp5-spinner"
          role="progressbar"
        >
          <div
            className="bp5-spinner-animation"
          >
            <svg
              height={50}
              strokeWidth="8.00"
              viewBox="1.00 1.00 98.00 98.00"
              width={50}
            >
              <path
                className="bp5-spinner-track"
                d="M 50,50 m 0,-45 a 45,45 0 1 1 0,90 a 45,45 0 1 1 0,-90"
              />
              <path
                className="bp5-spinner-head"
                d="M 50,50 m 0,-45 a 45,45 0 1 1 0,90 a 45,45 0 1 1 0,-90"
                pathLength={280}
                strokeDasharray="280 280"
                strokeDashoffset={210}
              />
            </svg>
          </div>
        </div>
      </div>
      <div
        className="bp5-non-ideal-state-text"
      >
        <h4
          className="bp5-heading"
        >
          Loading Content
        </h4>
      </div>
    </div>
  </div>
</div>
`;
