// Jest Snapshot v1, https://goo.gl/fbAQLP

exports[`ResearchAgreementPrompt renders correctly 1`] = `
"<Provider store={{...}}>
  <ResearchAgreementPrompt>
    <div className=\\"research-prompt\\">
      <Blueprint4.Dialog className=\\"bp4-dark\\" title=\\"Agreement to Participate in Educational Research\\" canOutsideClickClose={false} canEscapeKeyClose={false} isCloseButtonShown={false} isOpen={true}>
        <Blueprint4.Overlay className=\\"bp4-overlay-scroll-container\\" title=\\"Agreement to Participate in Educational Research\\" canOutsideClickClose={false} canEscapeKeyClose={false} isCloseButtonShown={false} isOpen={true} hasBackdrop={true} autoFocus={true} backdropProps={{...}} enforceFocus={true} lazy={true} shouldReturnFocusOnClose={true} transitionDuration={300} transitionName=\\"bp4-overlay\\" usePortal={true}>
          <Blueprint4.Portal className={[undefined]} container={{...}} stopPropagationEvents={[undefined]}>
            <Portal containerInfo={{...}}>
              <TransitionGroup appear={true} aria-live=\\"polite\\" className=\\"bp4-overlay bp4-overlay-open bp4-overlay-scroll-container\\" component=\\"div\\" onKeyDown={[Function (anonymous)]} childFactory={[Function: childFactory]}>
                <div aria-live=\\"polite\\" className=\\"bp4-overlay bp4-overlay-open bp4-overlay-scroll-container\\" onKeyDown={[Function (anonymous)]}>
                  <CSSTransition classNames=\\"bp4-overlay\\" addEndListener={[Function (anonymous)]} timeout={300} unmountOnExit={true} onExited={[Function: bound bound handleExited]} in={true} exit={[undefined]} enter={[undefined]}>
                    <Transition addEndListener={[Function (anonymous)]} timeout={300} unmountOnExit={true} onExited={[Function (anonymous)]} in={true} exit={true} enter={true} onEnter={[Function (anonymous)]} onEntered={[Function (anonymous)]} onEntering={[Function (anonymous)]} onExit={[Function (anonymous)]} onExiting={[Function (anonymous)]} mountOnEnter={false} appear={false}>
                      <div tabIndex={0} className=\\"bp4-overlay-start-focus-trap\\" onFocus={[Function (anonymous)]} onKeyDown={[Function (anonymous)]} />
                    </Transition>
                  </CSSTransition>
                  <CSSTransition classNames=\\"bp4-overlay\\" timeout={300} addEndListener={[Function (anonymous)]} onExited={[Function: bound bound handleExited]} in={true} exit={[undefined]} enter={[undefined]}>
                    <Transition timeout={300} addEndListener={[Function (anonymous)]} onExited={[Function (anonymous)]} in={true} exit={true} enter={true} onEnter={[Function (anonymous)]} onEntered={[Function (anonymous)]} onEntering={[Function (anonymous)]} onExit={[Function (anonymous)]} onExiting={[Function (anonymous)]} mountOnEnter={false} unmountOnExit={false} appear={false}>
                      <div className=\\"bp4-overlay-backdrop\\" onMouseDown={[Function (anonymous)]} />
                    </Transition>
                  </CSSTransition>
                  <CSSTransition classNames=\\"bp4-overlay\\" onEntering={[undefined]} onEntered={[undefined]} onExiting={[undefined]} onExited={[Function: bound bound handleExited]} timeout={300} addEndListener={[Function (anonymous)]} in={true} exit={[undefined]} enter={[undefined]}>
                    <Transition onEntering={[Function (anonymous)]} onEntered={[Function (anonymous)]} onExiting={[Function (anonymous)]} onExited={[Function (anonymous)]} timeout={300} addEndListener={[Function (anonymous)]} in={true} exit={true} enter={true} onEnter={[Function (anonymous)]} onExit={[Function (anonymous)]} mountOnEnter={false} unmountOnExit={false} appear={false}>
                      <div className=\\"bp4-dialog-container bp4-overlay-content\\">
                        <div className=\\"bp4-dialog bp4-dark\\" role=\\"dialog\\" aria-labelledby=\\"title-bp-dialog-0\\" aria-describedby={[undefined]} style={[undefined]}>
                          <div className=\\"bp4-dialog-header\\">
                            <Blueprint4.Icon icon={[undefined]} size={16} aria-hidden={true} tabIndex={-1} />
                            <Component id=\\"title-bp-dialog-0\\">
                              <h6 id=\\"title-bp-dialog-0\\" className=\\"bp4-heading\\">
                                Agreement to Participate in Educational Research
                              </h6>
                            </Component>
                          </div>
                          <div className=\\"bp4-dialog-body\\">
                            <Component>
                              <h4 className=\\"bp4-heading\\">
                                Welcome to your new 
                                Source Academy @ NUS
                                 course!
                              </h4>
                            </Component>
                            <div>
                              Here at 
                              Source Academy @ NUS
                              , our mission is to bring out the beauty and fun in programming and the ideas behind programming, and to make these ideas universally accessible. This includes educational research!
                            </div>
                            <br />
                            <div>
                              We collect programs that students run in 
                              Source Academy @ NUS
                               and store them anonymously for our research. You are free to opt out of this collection, with no penalty for you whatsoever. Contact your course instructor if you have questions or concerns about this research.
                            </div>
                          </div>
                          <div className=\\"bp4-dialog-footer\\">
                            <div className=\\"bp4-dialog-footer-actions\\">
                              <Blueprint4.Button text=\\"I would like to opt out\\" onClick={[Function: onClick]}>
                                <button type=\\"button\\" onClick={[Function: onClick]} className=\\"bp4-button\\" disabled={false} onBlur={[Function (anonymous)]} onFocus={[undefined]} onKeyDown={[Function (anonymous)]} onKeyUp={[Function (anonymous)]} tabIndex={[undefined]}>
                                  <Blueprint4.Icon icon={[undefined]} />
                                  <span className=\\"bp4-button-text\\">
                                    I would like to opt out
                                  </span>
                                  <Blueprint4.Icon icon={[undefined]} />
                                </button>
                              </Blueprint4.Button>
                              <Blueprint4.Button text=\\"I consent!\\" intent=\\"success\\" onClick={[Function: onClick]}>
                                <button type=\\"button\\" onClick={[Function: onClick]} className=\\"bp4-button bp4-intent-success\\" disabled={false} onBlur={[Function (anonymous)]} onFocus={[undefined]} onKeyDown={[Function (anonymous)]} onKeyUp={[Function (anonymous)]} tabIndex={[undefined]}>
                                  <Blueprint4.Icon icon={[undefined]} />
                                  <span className=\\"bp4-button-text\\">
                                    I consent!
                                  </span>
                                  <Blueprint4.Icon icon={[undefined]} />
                                </button>
                              </Blueprint4.Button>
                            </div>
                          </div>
                        </div>
                      </div>
                    </Transition>
                  </CSSTransition>
                  <CSSTransition classNames=\\"bp4-overlay\\" addEndListener={[Function (anonymous)]} timeout={300} unmountOnExit={true} onExited={[Function: bound bound handleExited]} in={true} exit={[undefined]} enter={[undefined]}>
                    <Transition addEndListener={[Function (anonymous)]} timeout={300} unmountOnExit={true} onExited={[Function (anonymous)]} in={true} exit={true} enter={true} onEnter={[Function (anonymous)]} onEntered={[Function (anonymous)]} onEntering={[Function (anonymous)]} onExit={[Function (anonymous)]} onExiting={[Function (anonymous)]} mountOnEnter={false} appear={false}>
                      <div tabIndex={0} className=\\"bp4-overlay-end-focus-trap\\" onFocus={[Function (anonymous)]} />
                    </Transition>
                  </CSSTransition>
                </div>
              </TransitionGroup>
            </Portal>
          </Blueprint4.Portal>
        </Blueprint4.Overlay>
      </Blueprint4.Dialog>
    </div>
  </ResearchAgreementPrompt>
</Provider>"
`;
