// Jest Snapshot v1, https://goo.gl/fbAQLP

exports[`Playground renders correctly 1`] = `
"<ContextProvider value={{...}}>
  <Playground execTime={1000} stepLimit={1000} isRunning={false} isDebugging={false} enableDebugging={true} editorTabs={{...}} programPrependValue=\\"\\" programPostpendValue=\\"\\" editorSessionId=\\"\\" isEditorAutorun={false} sideContentHeight={40} playgroundSourceChapter={2} playgroundSourceVariant=\\"default\\" output={{...}} replValue=\\"\\" sharedbConnected={false} usingSubst={false} persistenceUser={[undefined]} persistenceFile={[undefined]} githubOctokitObject={{...}} githubSaveInfo={{...}} handleChangeExecTime={[Function: handleChangeExecTime]} handleChapterSelect={[Function: handleChapterSelect]} handleEditorValueChange={[Function: handleEditorValueChange]} handleEditorUpdateBreakpoints={[Function: handleEditorUpdateBreakpoints]} handleReplEval={[Function: handleReplEval]} handleReplOutputClear={[Function: handleReplOutputClear]} handleUsingSubst={[Function: handleUsingSubst]} match={{...}} location={{...}} history={{...}} staticContext={{...}} />
</ContextProvider>"
`;

exports[`Playground with link renders correctly 1`] = `
"<ContextProvider value={{...}}>
  <Playground execTime={1000} stepLimit={1000} isRunning={false} isDebugging={false} enableDebugging={true} editorTabs={{...}} programPrependValue=\\"\\" programPostpendValue=\\"\\" editorSessionId=\\"\\" isEditorAutorun={false} sideContentHeight={40} playgroundSourceChapter={2} playgroundSourceVariant=\\"default\\" output={{...}} replValue=\\"\\" sharedbConnected={false} usingSubst={false} persistenceUser={[undefined]} persistenceFile={[undefined]} githubOctokitObject={{...}} githubSaveInfo={{...}} handleChangeExecTime={[Function: handleChangeExecTime]} handleChapterSelect={[Function: handleChapterSelect]} handleEditorValueChange={[Function: handleEditorValueChange]} handleEditorUpdateBreakpoints={[Function: handleEditorUpdateBreakpoints]} handleReplEval={[Function: handleReplEval]} handleReplOutputClear={[Function: handleReplOutputClear]} handleUsingSubst={[Function: handleUsingSubst]} match={{...}} location={{...}} history={{...}} staticContext={{...}} />
</ContextProvider>"
`;
