// Vitest Snapshot v1, https://vitest.dev/guide/snapshot.html

exports[`NavigationBarLangSelectButton > should render correctly 1`] = `
<span
  className="bp5-popover-target"
  onClick={[Function]}
  onKeyDown={[Function]}
>
  <button
    aria-expanded={false}
    aria-haspopup="menu"
    className="bp5-button"
    data-testid="NavigationBarLangSelectButton"
    disabled={false}
    onBlur={[Function]}
    onClick={[Function]}
    onKeyDown={[Function]}
    onKeyUp={[Function]}
    type="button"
  >
    <span
      className="bp5-button-text"
    >
      JavaScript
    </span>
    <span
      aria-hidden={true}
      className="bp5-icon bp5-icon-caret-down"
    >
      <svg
        data-icon="caret-down"
        height={16}
        role="img"
        viewBox="0 0 16 16"
        width={16}
      >
        <path
          d="M12 6.5c0-.28-.22-.5-.5-.5h-7a.495.495 0 00-.37.83l3.5 4c.09.1.22.17.37.17s.28-.07.37-.17l3.5-4c.08-.09.13-.2.13-.33z"
          fillRule="evenodd"
        />
      </svg>
    </span>
  </button>
</span>
`;
