// Jest Snapshot v1, https://goo.gl/fbAQLP

exports[`NavigationBarMobileSideMenu renders "Not logged in" correctly 1`] = `
"<Blueprint4.Drawer isOpen={true} position=\\"left\\" onClose={[Function: onClose]} title=\\"\\" className=\\"bp4-dark\\" canOutsideClickClose={true} style={{...}}>
  <NavLink activeClassName=\\"bp4-active\\" className=\\"NavigationBar__link_mobile bp4-button bp4-minimal bp4-large\\" to=\\"/githubassessments\\" onClick={[Function: onClose]}>
    <Blueprint4.Icon icon=\\"briefcase\\" />
    <div className=\\"navbar-button-text\\">
      Classroom
    </div>
  </NavLink>
</Blueprint4.Drawer>"
`;

exports[`NavigationBarMobileSideMenu renders correctly when logged in (no course selected) 1`] = `
"<Blueprint4.Drawer isOpen={true} position=\\"left\\" onClose={[Function: onClose]} title=\\"\\" className=\\"bp4-dark\\" canOutsideClickClose={true} style={{...}}>
  <NavLink activeClassName=\\"bp4-active\\" className=\\"NavigationBar__link_mobile bp4-button bp4-minimal bp4-large\\" to=\\"/githubassessments\\" onClick={[Function: onClose]}>
    <Blueprint4.Icon icon=\\"briefcase\\" />
    <div className=\\"navbar-button-text\\">
      Classroom
    </div>
  </NavLink>
  <NavLink activeClassName=\\"bp4-active\\" className=\\"NavigationBar__link_mobile bp4-button bp4-minimal bp4-large\\" to=\\"/sicpjs/\\" onClick={[Function: onClose]}>
    <Blueprint4.Icon icon=\\"book\\" />
    <div className=\\"navbar-button-text\\">
      SICP JS
    </div>
  </NavLink>
</Blueprint4.Drawer>"
`;

exports[`NavigationBarMobileSideMenu renders correctly when logged in (with course selected) 1`] = `
"<Blueprint4.Drawer isOpen={true} position=\\"left\\" onClose={[Function: onClose]} title=\\"\\" className=\\"bp4-dark\\" canOutsideClickClose={true} style={{...}}>
  <NavLink to=\\"/courses/1/missions\\" activeClassName=\\"bp4-active\\" className=\\"NavigationBar__link__mobile bp4-button bp4-minimal bp4-large\\" onClick={[Function: onClose]}>
    <Blueprint4.Icon icon=\\"flame\\" />
    <div>
      Missions
    </div>
    <Connect(NotificationBadge) notificationFilter={[Function (anonymous)]} disableHover={true} />
  </NavLink>
  <NavLink to=\\"/courses/1/quests\\" activeClassName=\\"bp4-active\\" className=\\"NavigationBar__link__mobile bp4-button bp4-minimal bp4-large\\" onClick={[Function: onClose]}>
    <Blueprint4.Icon icon=\\"lightbulb\\" />
    <div>
      Quests
    </div>
    <Connect(NotificationBadge) notificationFilter={[Function (anonymous)]} disableHover={true} />
  </NavLink>
  <NavLink to=\\"/courses/1/paths\\" activeClassName=\\"bp4-active\\" className=\\"NavigationBar__link__mobile bp4-button bp4-minimal bp4-large\\" onClick={[Function: onClose]}>
    <Blueprint4.Icon icon=\\"predictive-analysis\\" />
    <div>
      Paths
    </div>
    <Connect(NotificationBadge) notificationFilter={[Function (anonymous)]} disableHover={true} />
  </NavLink>
  <NavLink to=\\"/courses/1/contests\\" activeClassName=\\"bp4-active\\" className=\\"NavigationBar__link__mobile bp4-button bp4-minimal bp4-large\\" onClick={[Function: onClose]}>
    <Blueprint4.Icon icon=\\"comparison\\" />
    <div>
      Contests
    </div>
    <Connect(NotificationBadge) notificationFilter={[Function (anonymous)]} disableHover={true} />
  </NavLink>
  <NavLink to=\\"/courses/1/others\\" activeClassName=\\"bp4-active\\" className=\\"NavigationBar__link__mobile bp4-button bp4-minimal bp4-large\\" onClick={[Function: onClose]}>
    <Blueprint4.Icon icon=\\"manual\\" />
    <div>
      Others
    </div>
    <Connect(NotificationBadge) notificationFilter={[Function (anonymous)]} disableHover={true} />
  </NavLink>
  <NavLink activeClassName=\\"bp4-active\\" className=\\"NavigationBar__link__mobile bp4-button bp4-minimal bp4-large\\" to=\\"/playground\\" onClick={[Function: onClose]}>
    <Blueprint4.Icon icon=\\"code\\" />
    <div>
      Playground
    </div>
  </NavLink>
  <NavLink activeClassName=\\"bp4-active\\" className=\\"NavigationBar__link_mobile bp4-button bp4-minimal bp4-large\\" to=\\"/githubassessments\\" onClick={[Function: onClose]}>
    <Blueprint4.Icon icon=\\"briefcase\\" />
    <div className=\\"navbar-button-text\\">
      Classroom
    </div>
  </NavLink>
  <NavLink activeClassName=\\"bp4-active\\" className=\\"NavigationBar__link_mobile bp4-button bp4-minimal bp4-large\\" to=\\"/sicpjs/\\" onClick={[Function: onClose]}>
    <Blueprint4.Icon icon=\\"book\\" />
    <div className=\\"navbar-button-text\\">
      SICP JS
    </div>
  </NavLink>
</Blueprint4.Drawer>"
`;
