// Jest Snapshot v1, https://goo.gl/fbAQLP

exports[`NavigationBarLangSelectButton should render correctly 1`] = `
<span
  className="bp5-popover2-target bp5-popover-target"
  onClick={[Function]}
  onKeyDown={[Function]}
>
  <button
    aria-expanded={false}
    aria-haspopup="menu"
    className="bp5-button"
    data-testid="NavigationBarLangSelectButton"
    disabled={false}
    onBlur={[Function]}
    onClick={[Function]}
    onKeyDown={[Function]}
    onKeyUp={[Function]}
    type="button"
  >
    <span
      className="bp5-button-text"
    >
      JavaScript
    </span>
    <span
      aria-hidden={true}
      className="bp5-icon bp5-icon-standard bp5-icon-caret-down"
      data-icon="caret-down"
    />
  </button>
</span>
`;
