// Jest Snapshot v1, https://goo.gl/fbAQLP

exports[`Navbar renders correctly 1`] = `
"<Fragment>
  <Blueprint3.Navbar className=\\"SicpNavigationBar secondary-navbar\\">
    <Blueprint3.NavbarGroup align=\\"left\\">
      <TableOfContentsButton handleOpenToc={[Function: handleOpenToc]} />
    </Blueprint3.NavbarGroup>
    <Blueprint3.NavbarGroup align=\\"right\\">
      <div>
        <Blueprint3.Button disabled={false} fill={false} intent=\\"none\\" minimal={true} className=\\"\\" type={[undefined]} rightIcon={{...}} onClick={[Function (anonymous)]}>
          Next
        </Blueprint3.Button>
      </div>
    </Blueprint3.NavbarGroup>
  </Blueprint3.Navbar>
  <Blueprint3.Drawer onClose={[Function: handleCloseToc]} autoFocus={true} canEscapeKeyClose={true} canOutsideClickClose={true} enforceFocus={true} hasBackdrop={true} isOpen={false} position=\\"left\\" usePortal={false} className=\\"sicp-toc-drawer\\" shouldReturnFocusOnClose={true} style={{...}} vertical={false}>
    <SicpToc handleCloseToc={[Function: handleCloseToc]} />
  </Blueprint3.Drawer>
</Fragment>"
`;
