// Jest Snapshot v1, https://goo.gl/fbAQLP

exports[`Stories renders correctly 1`] = `<Stories />`;
